Startpoint: _1051_ (rising edge-triggered flip-flop clocked by i_clk)
Endpoint: _1051_ (rising edge-triggered flip-flop clocked by i_clk)
Path Group: i_clk
Path Type: min

Fanout     Cap    Slew   Delay    Time   Description
-----------------------------------------------------------------------------
                  0.00    0.00    0.00   clock i_clk (rise edge)
                          0.00    0.00   clock network delay (ideal)
                  0.00    0.00    0.00 ^ _1051_/CLK (sky130_fd_sc_hd__dfxtp_2)
                  0.03    0.18    0.18 ^ _1051_/Q (sky130_fd_sc_hd__dfxtp_2)
     2    0.00                           fault_status[3] (net)
                  0.03    0.00    0.18 ^ _1003_/A1 (sky130_fd_sc_hd__a22o_2)
                  0.02    0.07    0.25 ^ _1003_/X (sky130_fd_sc_hd__a22o_2)
     1    0.00                           _0003_ (net)
                  0.02    0.00    0.25 ^ _1051_/D (sky130_fd_sc_hd__dfxtp_2)
                                  0.25   data arrival time

                  0.00    0.00    0.00   clock i_clk (rise edge)
                          0.00    0.00   clock network delay (ideal)
                          0.00    0.00   clock reconvergence pessimism
                                  0.00 ^ _1051_/CLK (sky130_fd_sc_hd__dfxtp_2)
                         -0.02   -0.02   library hold time
                                 -0.02   data required time
-----------------------------------------------------------------------------
                                 -0.02   data required time
                                 -0.25   data arrival time
-----------------------------------------------------------------------------
                                  0.27   slack (MET)


Startpoint: i_copro_crn[3] (input port clocked by i_clk)
Endpoint: o_cache_flush (output port clocked by i_clk)
Path Group: i_clk
Path Type: max

Fanout     Cap    Slew   Delay    Time   Description
-----------------------------------------------------------------------------
                  0.00    0.00    0.00   clock i_clk (rise edge)
                          0.00    0.00   clock network delay (ideal)
                          4.00    4.00 v input external delay
                  0.02    0.01    4.01 v i_copro_crn[3] (in)
     5    0.01                           i_copro_crn[3] (net)
                  0.02    0.00    4.01 v _0520_/A (sky130_fd_sc_hd__or2_2)
                  0.13    0.66    4.66 v _0520_/X (sky130_fd_sc_hd__or2_2)
     4    0.00                           _0184_ (net)
                  0.13    0.00    4.66 v _0944_/D (sky130_fd_sc_hd__or4_2)
                  0.25    1.38    6.04 v _0944_/X (sky130_fd_sc_hd__or4_2)
     3    0.01                           _0481_ (net)
                  0.25    0.00    6.04 v _1007_/C (sky130_fd_sc_hd__nor3_2)
                  0.56    0.50    6.54 ^ _1007_/Y (sky130_fd_sc_hd__nor3_2)
     1    0.02                           o_cache_flush (net)
                  0.56    0.00    6.54 ^ o_cache_flush (out)
                                  6.54   data arrival time

                  0.00   20.00   20.00   clock i_clk (rise edge)
                          0.00   20.00   clock network delay (ideal)
                          0.00   20.00   clock reconvergence pessimism
                         -4.00   16.00   output external delay
                                 16.00   data required time
-----------------------------------------------------------------------------
                                 16.00   data required time
                                 -6.54   data arrival time
-----------------------------------------------------------------------------
                                  9.46   slack (MET)


